<?xml version="1.0"?>
<link_info>
   <banner>MSP430 Linker PC v4.4.5</banner>
   <copyright>Copyright (c) 2003-2015 Texas Instruments Incorporated</copyright>
   <link_time>0x58cd43fd</link_time>
   <link_errors>0x0</link_errors>
   <output_file>gpsLogger Bootloader.out</output_file>
   <entry_point>
      <name>_c_int00_noargs_noexit</name>
      <address>0x4434</address>
   </entry_point>
   <input_file_list>
      <input_file id="fl-62">
         <path>C:\ti\ccsv6\tools\compiler\ti-cgt-msp430_4.4.5\lib\</path>
         <kind>archive</kind>
         <file>rts430x_lc_rd_eabi.lib</file>
         <name>boot.obj</name>
      </input_file>
      <input_file id="fl-63">
         <path>C:\ti\ccsv6\tools\compiler\ti-cgt-msp430_4.4.5\lib\</path>
         <kind>archive</kind>
         <file>rts430x_lc_rd_eabi.lib</file>
         <name>boot_special.obj</name>
      </input_file>
      <input_file id="fl-67">
         <path>C:\ti\ccsv6\tools\compiler\ti-cgt-msp430_4.4.5\lib\</path>
         <kind>archive</kind>
         <file>rts430x_lc_rd_eabi.lib</file>
         <name>div16s.obj</name>
      </input_file>
      <input_file id="fl-68">
         <path>C:\ti\ccsv6\tools\compiler\ti-cgt-msp430_4.4.5\lib\</path>
         <kind>archive</kind>
         <file>rts430x_lc_rd_eabi.lib</file>
         <name>div16u.obj</name>
      </input_file>
      <input_file id="fl-69">
         <path>C:\ti\ccsv6\tools\compiler\ti-cgt-msp430_4.4.5\lib\</path>
         <kind>archive</kind>
         <file>rts430x_lc_rd_eabi.lib</file>
         <name>div32s.obj</name>
      </input_file>
      <input_file id="fl-6a">
         <path>C:\ti\ccsv6\tools\compiler\ti-cgt-msp430_4.4.5\lib\</path>
         <kind>archive</kind>
         <file>rts430x_lc_rd_eabi.lib</file>
         <name>div32u.obj</name>
      </input_file>
      <input_file id="fl-6b">
         <path>C:\ti\ccsv6\tools\compiler\ti-cgt-msp430_4.4.5\lib\</path>
         <kind>archive</kind>
         <file>rts430x_lc_rd_eabi.lib</file>
         <name>exit.obj</name>
      </input_file>
      <input_file id="fl-6d">
         <path>C:\ti\ccsv6\tools\compiler\ti-cgt-msp430_4.4.5\lib\</path>
         <kind>archive</kind>
         <file>rts430x_lc_rd_eabi.lib</file>
         <name>int41.obj</name>
      </input_file>
      <input_file id="fl-6e">
         <path>C:\ti\ccsv6\tools\compiler\ti-cgt-msp430_4.4.5\lib\</path>
         <kind>archive</kind>
         <file>rts430x_lc_rd_eabi.lib</file>
         <name>int42.obj</name>
      </input_file>
      <input_file id="fl-6f">
         <path>C:\ti\ccsv6\tools\compiler\ti-cgt-msp430_4.4.5\lib\</path>
         <kind>archive</kind>
         <file>rts430x_lc_rd_eabi.lib</file>
         <name>int43.obj</name>
      </input_file>
      <input_file id="fl-70">
         <path>C:\ti\ccsv6\tools\compiler\ti-cgt-msp430_4.4.5\lib\</path>
         <kind>archive</kind>
         <file>rts430x_lc_rd_eabi.lib</file>
         <name>int44.obj</name>
      </input_file>
      <input_file id="fl-71">
         <path>C:\ti\ccsv6\tools\compiler\ti-cgt-msp430_4.4.5\lib\</path>
         <kind>archive</kind>
         <file>rts430x_lc_rd_eabi.lib</file>
         <name>int45.obj</name>
      </input_file>
      <input_file id="fl-72">
         <path>C:\ti\ccsv6\tools\compiler\ti-cgt-msp430_4.4.5\lib\</path>
         <kind>archive</kind>
         <file>rts430x_lc_rd_eabi.lib</file>
         <name>int46.obj</name>
      </input_file>
      <input_file id="fl-73">
         <path>C:\ti\ccsv6\tools\compiler\ti-cgt-msp430_4.4.5\lib\</path>
         <kind>archive</kind>
         <file>rts430x_lc_rd_eabi.lib</file>
         <name>int48.obj</name>
      </input_file>
      <input_file id="fl-74">
         <path>C:\ti\ccsv6\tools\compiler\ti-cgt-msp430_4.4.5\lib\</path>
         <kind>archive</kind>
         <file>rts430x_lc_rd_eabi.lib</file>
         <name>int50.obj</name>
      </input_file>
      <input_file id="fl-75">
         <path>C:\ti\ccsv6\tools\compiler\ti-cgt-msp430_4.4.5\lib\</path>
         <kind>archive</kind>
         <file>rts430x_lc_rd_eabi.lib</file>
         <name>int51.obj</name>
      </input_file>
      <input_file id="fl-76">
         <path>C:\ti\ccsv6\tools\compiler\ti-cgt-msp430_4.4.5\lib\</path>
         <kind>archive</kind>
         <file>rts430x_lc_rd_eabi.lib</file>
         <name>int52.obj</name>
      </input_file>
      <input_file id="fl-77">
         <path>C:\ti\ccsv6\tools\compiler\ti-cgt-msp430_4.4.5\lib\</path>
         <kind>archive</kind>
         <file>rts430x_lc_rd_eabi.lib</file>
         <name>int55.obj</name>
      </input_file>
      <input_file id="fl-78">
         <path>C:\ti\ccsv6\tools\compiler\ti-cgt-msp430_4.4.5\lib\</path>
         <kind>archive</kind>
         <file>rts430x_lc_rd_eabi.lib</file>
         <name>int56.obj</name>
      </input_file>
      <input_file id="fl-79">
         <path>C:\ti\ccsv6\tools\compiler\ti-cgt-msp430_4.4.5\lib\</path>
         <kind>archive</kind>
         <file>rts430x_lc_rd_eabi.lib</file>
         <name>int57.obj</name>
      </input_file>
      <input_file id="fl-7a">
         <path>C:\ti\ccsv6\tools\compiler\ti-cgt-msp430_4.4.5\lib\</path>
         <kind>archive</kind>
         <file>rts430x_lc_rd_eabi.lib</file>
         <name>int58.obj</name>
      </input_file>
      <input_file id="fl-7b">
         <path>C:\ti\ccsv6\tools\compiler\ti-cgt-msp430_4.4.5\lib\</path>
         <kind>archive</kind>
         <file>rts430x_lc_rd_eabi.lib</file>
         <name>int59.obj</name>
      </input_file>
      <input_file id="fl-7c">
         <path>C:\ti\ccsv6\tools\compiler\ti-cgt-msp430_4.4.5\lib\</path>
         <kind>archive</kind>
         <file>rts430x_lc_rd_eabi.lib</file>
         <name>int60.obj</name>
      </input_file>
      <input_file id="fl-7d">
         <path>C:\ti\ccsv6\tools\compiler\ti-cgt-msp430_4.4.5\lib\</path>
         <kind>archive</kind>
         <file>rts430x_lc_rd_eabi.lib</file>
         <name>int62.obj</name>
      </input_file>
      <input_file id="fl-7e">
         <path>C:\ti\ccsv6\tools\compiler\ti-cgt-msp430_4.4.5\lib\</path>
         <kind>archive</kind>
         <file>rts430x_lc_rd_eabi.lib</file>
         <name>isr_trap.obj</name>
      </input_file>
      <input_file id="fl-7f">
         <path>C:\ti\ccsv6\tools\compiler\ti-cgt-msp430_4.4.5\lib\</path>
         <kind>archive</kind>
         <file>rts430x_lc_rd_eabi.lib</file>
         <name>lsl16.obj</name>
      </input_file>
      <input_file id="fl-80">
         <path>C:\ti\ccsv6\tools\compiler\ti-cgt-msp430_4.4.5\lib\</path>
         <kind>archive</kind>
         <file>rts430x_lc_rd_eabi.lib</file>
         <name>lsl32.obj</name>
      </input_file>
      <input_file id="fl-81">
         <path>C:\ti\ccsv6\tools\compiler\ti-cgt-msp430_4.4.5\lib\</path>
         <kind>archive</kind>
         <file>rts430x_lc_rd_eabi.lib</file>
         <name>lsr32.obj</name>
      </input_file>
      <input_file id="fl-84">
         <path>C:\ti\ccsv6\tools\compiler\ti-cgt-msp430_4.4.5\lib\</path>
         <kind>archive</kind>
         <file>rts430x_lc_rd_eabi.lib</file>
         <name>mult1632_f5hw.obj</name>
      </input_file>
      <input_file id="fl-85">
         <path>C:\ti\ccsv6\tools\compiler\ti-cgt-msp430_4.4.5\lib\</path>
         <kind>archive</kind>
         <file>rts430x_lc_rd_eabi.lib</file>
         <name>mult16_f5hw.obj</name>
      </input_file>
      <input_file id="fl-86">
         <path>C:\ti\ccsv6\tools\compiler\ti-cgt-msp430_4.4.5\lib\</path>
         <kind>archive</kind>
         <file>rts430x_lc_rd_eabi.lib</file>
         <name>mult32.obj</name>
      </input_file>
      <input_file id="fl-87">
         <path>C:\ti\ccsv6\tools\compiler\ti-cgt-msp430_4.4.5\lib\</path>
         <kind>archive</kind>
         <file>rts430x_lc_rd_eabi.lib</file>
         <name>mult3264_f5hw.obj</name>
      </input_file>
      <input_file id="fl-88">
         <path>C:\ti\ccsv6\tools\compiler\ti-cgt-msp430_4.4.5\lib\</path>
         <kind>archive</kind>
         <file>rts430x_lc_rd_eabi.lib</file>
         <name>mult32_f5hw.obj</name>
      </input_file>
      <input_file id="fl-89">
         <path>C:\ti\ccsv6\tools\compiler\ti-cgt-msp430_4.4.5\lib\</path>
         <kind>archive</kind>
         <file>rts430x_lc_rd_eabi.lib</file>
         <name>mult64_f5hw.obj</name>
      </input_file>
      <input_file id="fl-8b">
         <path>C:\ti\ccsv6\tools\compiler\ti-cgt-msp430_4.4.5\lib\</path>
         <kind>archive</kind>
         <file>rts430x_lc_rd_eabi.lib</file>
         <name>args_main.obj</name>
      </input_file>
      <input_file id="fl-8e">
         <path>C:\Users\gregd\AppData\Local\Temp\</path>
         <kind>object</kind>
         <file>088362</file>
         <name>088362</name>
      </input_file>
      <input_file id="fl-8f">
         <path>C:\ti\ccsv6\tools\compiler\ti-cgt-msp430_4.4.5\lib\</path>
         <kind>archive</kind>
         <file>rts430x_lc_rd_eabi.lib</file>
         <name>autoinit_wdt.obj</name>
      </input_file>
   </input_file_list>
   <object_component_list>
      <object_component id="oc-1c1">
         <name>.common:FatFs$42</name>
         <uninitialized>true</uninitialized>
         <run_address>0x2642</run_address>
         <size>0x4</size>
      </object_component>
      <object_component id="oc-24e">
         <name>.common:Fsid$42</name>
         <uninitialized>true</uninitialized>
         <run_address>0x2646</run_address>
         <size>0x2</size>
      </object_component>
      <object_component id="oc-277">
         <name>.common:CardType$43</name>
         <uninitialized>true</uninitialized>
         <run_address>0x2648</run_address>
         <size>0x1</size>
      </object_component>
      <object_component id="oc-181">
         <name>.common:bDelayDone</name>
         <uninitialized>true</uninitialized>
         <run_address>0x2649</run_address>
         <size>0x1</size>
      </object_component>
      <object_component id="oc-1c2">
         <name>.common:fatFs</name>
         <uninitialized>true</uninitialized>
         <run_address>0x2400</run_address>
         <size>0x226</size>
      </object_component>
      <object_component id="oc-205">
         <name>.common:firmwareFile</name>
         <uninitialized>true</uninitialized>
         <run_address>0x2626</run_address>
         <size>0x1c</size>
      </object_component>
      <object_component id="oc-cd">
         <name>.stack</name>
         <uninitialized>true</uninitialized>
         <run_address>0x3360</run_address>
         <size>0x4</size>
         <input_file_ref idref="fl-62"/>
      </object_component>
      <object_component id="oc-316">
         <name>.stack</name>
         <uninitialized>true</uninitialized>
         <run_address>0x3360</run_address>
         <size>0x0</size>
      </object_component>
      <object_component id="oc-206">
         <name>.text:find_volume$42</name>
         <load_address>0x10000</load_address>
         <run_address>0x10000</run_address>
         <size>0x410</size>
         <input_file_ref idref="fl-2c"/>
      </object_component>
      <object_component id="oc-233">
         <name>.text:disk_initialize</name>
         <load_address>0x10410</load_address>
         <run_address>0x10410</run_address>
         <size>0x17c</size>
         <input_file_ref idref="fl-2d"/>
      </object_component>
      <object_component id="oc-1c3">
         <name>.text:f_open</name>
         <load_address>0x1058c</load_address>
         <run_address>0x1058c</run_address>
         <size>0x15e</size>
         <input_file_ref idref="fl-2c"/>
      </object_component>
      <object_component id="oc-261">
         <name>.text:get_fat</name>
         <load_address>0x106ea</load_address>
         <run_address>0x106ea</run_address>
         <size>0x14c</size>
         <input_file_ref idref="fl-2c"/>
      </object_component>
      <object_component id="oc-212">
         <name>.text:create_name$42</name>
         <load_address>0x10836</load_address>
         <run_address>0x10836</run_address>
         <size>0x128</size>
         <input_file_ref idref="fl-2c"/>
      </object_component>
      <object_component id="oc-218">
         <name>.text:dir_find$42</name>
         <load_address>0x1095e</load_address>
         <run_address>0x1095e</run_address>
         <size>0x124</size>
         <input_file_ref idref="fl-2c"/>
      </object_component>
      <object_component id="oc-271">
         <name>.text:send_cmd$43</name>
         <load_address>0x10a82</load_address>
         <run_address>0x10a82</run_address>
         <size>0xec</size>
         <input_file_ref idref="fl-2d"/>
      </object_component>
      <object_component id="oc-199">
         <name>.text:USBHAL_initPorts</name>
         <load_address>0x10b6e</load_address>
         <run_address>0x10b6e</run_address>
         <size>0xe0</size>
         <input_file_ref idref="fl-2"/>
      </object_component>
      <object_component id="oc-124">
         <name>.text:main</name>
         <load_address>0x10c4e</load_address>
         <run_address>0x10c4e</run_address>
         <size>0xdc</size>
         <input_file_ref idref="fl-3"/>
      </object_component>
      <object_component id="oc-21e">
         <name>.text:dir_sdi$42</name>
         <load_address>0x10d2a</load_address>
         <run_address>0x10d2a</run_address>
         <size>0xca</size>
         <input_file_ref idref="fl-2c"/>
      </object_component>
      <object_component id="oc-286">
         <name>.text:disk_read</name>
         <load_address>0x10df4</load_address>
         <run_address>0x10df4</run_address>
         <size>0xb4</size>
         <input_file_ref idref="fl-2d"/>
      </object_component>
      <object_component id="oc-2a4">
         <name>.text:rcvr_mmc$43</name>
         <load_address>0x10ea8</load_address>
         <run_address>0x10ea8</run_address>
         <size>0x92</size>
         <input_file_ref idref="fl-2d"/>
      </object_component>
      <object_component id="oc-239">
         <name>.text:check_fs$42</name>
         <load_address>0x10f3a</load_address>
         <run_address>0x10f3a</run_address>
         <size>0x82</size>
         <input_file_ref idref="fl-2c"/>
      </object_component>
      <object_component id="oc-1a2">
         <name>.text:Timer_A_initUpMode</name>
         <load_address>0x10fbc</load_address>
         <run_address>0x10fbc</run_address>
         <size>0x76</size>
         <input_file_ref idref="fl-20"/>
      </object_component>
      <object_component id="oc-10a">
         <name>.text:_auto_init_hold_wdt</name>
         <load_address>0x11032</load_address>
         <run_address>0x11032</run_address>
         <size>0x6c</size>
         <input_file_ref idref="fl-8f"/>
      </object_component>
      <object_component id="oc-df">
         <name>.text:__TI_decompress_rle_core$45</name>
         <load_address>0x1109e</load_address>
         <run_address>0x1109e</run_address>
         <size>0x68</size>
         <input_file_ref idref="fl-65"/>
      </object_component>
      <object_component id="oc-296">
         <name>.text:rcvr_datablock$43</name>
         <load_address>0x11106</load_address>
         <run_address>0x11106</run_address>
         <size>0x58</size>
         <input_file_ref idref="fl-2d"/>
      </object_component>
      <object_component id="oc-244">
         <name>.text</name>
         <load_address>0x1115e</load_address>
         <run_address>0x1115e</run_address>
         <size>0x58</size>
         <input_file_ref idref="fl-6a"/>
      </object_component>
      <object_component id="oc-1bb">
         <name>.text:get_ldnumber$42</name>
         <load_address>0x111b6</load_address>
         <run_address>0x111b6</run_address>
         <size>0x52</size>
         <input_file_ref idref="fl-2c"/>
      </object_component>
      <object_component id="oc-1b4">
         <name>.text:SDCard_init</name>
         <load_address>0x11208</load_address>
         <run_address>0x11208</run_address>
         <size>0x48</size>
         <input_file_ref idref="fl-2b"/>
      </object_component>
      <object_component id="oc-25b">
         <name>.text:move_window$42</name>
         <load_address>0x11250</load_address>
         <run_address>0x11250</run_address>
         <size>0x48</size>
         <input_file_ref idref="fl-2c"/>
      </object_component>
      <object_component id="oc-1f7">
         <name>.text:GPIO_setAsInputPinWithPullDownResistor</name>
         <load_address>0x11298</load_address>
         <run_address>0x11298</run_address>
         <size>0x42</size>
         <input_file_ref idref="fl-12"/>
      </object_component>
      <object_component id="oc-1f1">
         <name>.text:GPIO_setAsInputPinWithPullUpResistor</name>
         <load_address>0x112da</load_address>
         <run_address>0x112da</run_address>
         <size>0x42</size>
         <input_file_ref idref="fl-12"/>
      </object_component>
      <object_component id="oc-255">
         <name>.text:clust2sect</name>
         <load_address>0x1131c</load_address>
         <run_address>0x1131c</run_address>
         <size>0x3e</size>
         <input_file_ref idref="fl-2c"/>
      </object_component>
      <object_component id="oc-224">
         <name>.text:l_lsl_const</name>
         <load_address>0x1135a</load_address>
         <run_address>0x1135a</run_address>
         <size>0x3e</size>
         <input_file_ref idref="fl-80"/>
      </object_component>
      <object_component id="oc-249">
         <name>.text:l_lsr_const</name>
         <load_address>0x11398</load_address>
         <run_address>0x11398</run_address>
         <size>0x3e</size>
         <input_file_ref idref="fl-81"/>
      </object_component>
      <object_component id="oc-20c">
         <name>.text:ld_clust$42</name>
         <load_address>0x113d6</load_address>
         <run_address>0x113d6</run_address>
         <size>0x30</size>
         <input_file_ref idref="fl-2c"/>
      </object_component>
      <object_component id="oc-29d">
         <name>.text:wait_ready$43</name>
         <load_address>0x11406</load_address>
         <run_address>0x11406</run_address>
         <size>0x2e</size>
         <input_file_ref idref="fl-2d"/>
      </object_component>
      <object_component id="oc-1ae">
         <name>.text:GPIO_setAsOutputPin</name>
         <load_address>0x11434</load_address>
         <run_address>0x11434</run_address>
         <size>0x28</size>
         <input_file_ref idref="fl-12"/>
      </object_component>
      <object_component id="oc-8b">
         <name>.text:decompress:ZI:__TI_zero_init</name>
         <load_address>0x1145c</load_address>
         <run_address>0x1145c</run_address>
         <size>0x24</size>
         <input_file_ref idref="fl-66"/>
      </object_component>
      <object_component id="oc-23f">
         <name>.text</name>
         <load_address>0x11480</load_address>
         <run_address>0x11480</run_address>
         <size>0x22</size>
         <input_file_ref idref="fl-88"/>
      </object_component>
      <object_component id="oc-1a8">
         <name>.text:GPIO_setOutputHighOnPin</name>
         <load_address>0x114a2</load_address>
         <run_address>0x114a2</run_address>
         <size>0x1c</size>
         <input_file_ref idref="fl-12"/>
      </object_component>
      <object_component id="oc-1eb">
         <name>.text:GPIO_setOutputLowOnPin</name>
         <load_address>0x114be</load_address>
         <run_address>0x114be</run_address>
         <size>0x1c</size>
         <input_file_ref idref="fl-12"/>
      </object_component>
      <object_component id="oc-28e">
         <name>.text:select$43</name>
         <load_address>0x114da</load_address>
         <run_address>0x114da</run_address>
         <size>0x18</size>
         <input_file_ref idref="fl-2d"/>
      </object_component>
      <object_component id="oc-278">
         <name>.text:deselect$43</name>
         <load_address>0x114f2</load_address>
         <run_address>0x114f2</run_address>
         <size>0x14</size>
         <input_file_ref idref="fl-2d"/>
      </object_component>
      <object_component id="oc-174">
         <name>.text:GPIO_clearInterrupt</name>
         <load_address>0x11506</load_address>
         <run_address>0x11506</run_address>
         <size>0x12</size>
         <input_file_ref idref="fl-12"/>
      </object_component>
      <object_component id="oc-17a">
         <name>.text:GPIO_enableInterrupt</name>
         <load_address>0x11518</load_address>
         <run_address>0x11518</run_address>
         <size>0x12</size>
         <input_file_ref idref="fl-12"/>
      </object_component>
      <object_component id="oc-6a">
         <name>.text:decompress:none:__TI_decompress_none</name>
         <load_address>0x1152a</load_address>
         <run_address>0x1152a</run_address>
         <size>0x12</size>
         <input_file_ref idref="fl-64"/>
      </object_component>
      <object_component id="oc-d1">
         <name>.text:memcpy</name>
         <load_address>0x1153c</load_address>
         <run_address>0x1153c</run_address>
         <size>0x12</size>
         <input_file_ref idref="fl-82"/>
      </object_component>
      <object_component id="oc-104">
         <name>.text:_system_pre_init</name>
         <load_address>0x1154e</load_address>
         <run_address>0x1154e</run_address>
         <size>0xa</size>
         <input_file_ref idref="fl-4"/>
      </object_component>
      <object_component id="oc-70">
         <name>.text:decompress:rle24:__TI_decompress_rle24</name>
         <load_address>0x11558</load_address>
         <run_address>0x11558</run_address>
         <size>0x6</size>
         <input_file_ref idref="fl-65"/>
      </object_component>
      <object_component id="oc-12c">
         <name>.text:abort</name>
         <load_address>0x1155e</load_address>
         <run_address>0x1155e</run_address>
         <size>0x4</size>
         <input_file_ref idref="fl-6b"/>
      </object_component>
      <object_component id="oc-fd">
         <name>.text:_isr:UNMI_ISR</name>
         <load_address>0x4400</load_address>
         <run_address>0x4400</run_address>
         <size>0x34</size>
         <input_file_ref idref="fl-3"/>
      </object_component>
      <object_component id="oc-a9">
         <name>.text:_isr:_c_int00_noargs_noexit</name>
         <load_address>0x4434</load_address>
         <run_address>0x4434</run_address>
         <size>0x1a</size>
         <input_file_ref idref="fl-63"/>
      </object_component>
      <object_component id="oc-eb">
         <name>.text:_isr:PORT1_ISR</name>
         <load_address>0x444e</load_address>
         <run_address>0x444e</run_address>
         <size>0x18</size>
         <input_file_ref idref="fl-2"/>
      </object_component>
      <object_component id="oc-f1">
         <name>.text:_isr:TIMER1_A0_ISR</name>
         <load_address>0x4466</load_address>
         <run_address>0x4466</run_address>
         <size>0xc</size>
         <input_file_ref idref="fl-3"/>
      </object_component>
      <object_component id="oc-f7">
         <name>.text:_isr:TIMER0_A0_ISR</name>
         <load_address>0x4472</load_address>
         <run_address>0x4472</run_address>
         <size>0x8</size>
         <input_file_ref idref="fl-3"/>
      </object_component>
      <object_component id="oc-e6">
         <name>.text:_isr:__TI_ISR_TRAP</name>
         <load_address>0x447a</load_address>
         <run_address>0x447a</run_address>
         <size>0x6</size>
         <input_file_ref idref="fl-7e"/>
      </object_component>
      <object_component id="oc-315">
         <name>.cinit..data.load</name>
         <load_address>0x453c</load_address>
         <run_address>0x453c</run_address>
         <size>0xc</size>
      </object_component>
      <object_component id="oc-312">
         <name>__TI_handler_table</name>
         <load_address>0x4548</load_address>
         <run_address>0x4548</run_address>
         <size>0xc</size>
      </object_component>
      <object_component id="oc-314">
         <name>.cinit..bss.load</name>
         <load_address>0x4554</load_address>
         <run_address>0x4554</run_address>
         <size>0x6</size>
      </object_component>
      <object_component id="oc-313">
         <name>__TI_cinit_table</name>
         <load_address>0x455a</load_address>
         <run_address>0x455a</run_address>
         <size>0x10</size>
      </object_component>
      <object_component id="oc-251">
         <name>.const:.string:ExCvt$42</name>
         <load_address>0x4480</load_address>
         <run_address>0x4480</run_address>
         <size>0x80</size>
         <input_file_ref idref="fl-2c"/>
      </object_component>
      <object_component id="oc-1ba">
         <name>.const:.string</name>
         <load_address>0x4500</load_address>
         <run_address>0x4500</run_address>
         <size>0x20</size>
         <input_file_ref idref="fl-8e"/>
      </object_component>
      <object_component id="oc-1cd">
         <name>.const:GPIO_PORT_TO_BASE$16</name>
         <load_address>0x4520</load_address>
         <run_address>0x4520</run_address>
         <size>0x1c</size>
         <input_file_ref idref="fl-12"/>
      </object_component>
      <object_component id="oc-76">
         <name>.int41</name>
         <load_address>0xffd2</load_address>
         <run_address>0xffd2</run_address>
         <size>0x2</size>
         <input_file_ref idref="fl-6d"/>
      </object_component>
      <object_component id="oc-77">
         <name>.int42</name>
         <load_address>0xffd4</load_address>
         <run_address>0xffd4</run_address>
         <size>0x2</size>
         <input_file_ref idref="fl-6e"/>
      </object_component>
      <object_component id="oc-78">
         <name>.int43</name>
         <load_address>0xffd6</load_address>
         <run_address>0xffd6</run_address>
         <size>0x2</size>
         <input_file_ref idref="fl-6f"/>
      </object_component>
      <object_component id="oc-79">
         <name>.int44</name>
         <load_address>0xffd8</load_address>
         <run_address>0xffd8</run_address>
         <size>0x2</size>
         <input_file_ref idref="fl-70"/>
      </object_component>
      <object_component id="oc-7a">
         <name>.int45</name>
         <load_address>0xffda</load_address>
         <run_address>0xffda</run_address>
         <size>0x2</size>
         <input_file_ref idref="fl-71"/>
      </object_component>
      <object_component id="oc-7b">
         <name>.int46</name>
         <load_address>0xffdc</load_address>
         <run_address>0xffdc</run_address>
         <size>0x2</size>
         <input_file_ref idref="fl-72"/>
      </object_component>
      <object_component id="oc-7c">
         <name>.int47</name>
         <load_address>0xffde</load_address>
         <run_address>0xffde</run_address>
         <size>0x2</size>
         <input_file_ref idref="fl-8e"/>
      </object_component>
      <object_component id="oc-7d">
         <name>.int48</name>
         <load_address>0xffe0</load_address>
         <run_address>0xffe0</run_address>
         <size>0x2</size>
         <input_file_ref idref="fl-73"/>
      </object_component>
      <object_component id="oc-7e">
         <name>.int49</name>
         <load_address>0xffe2</load_address>
         <run_address>0xffe2</run_address>
         <size>0x2</size>
         <input_file_ref idref="fl-8e"/>
      </object_component>
      <object_component id="oc-7f">
         <name>.int50</name>
         <load_address>0xffe4</load_address>
         <run_address>0xffe4</run_address>
         <size>0x2</size>
         <input_file_ref idref="fl-74"/>
      </object_component>
      <object_component id="oc-80">
         <name>.int51</name>
         <load_address>0xffe6</load_address>
         <run_address>0xffe6</run_address>
         <size>0x2</size>
         <input_file_ref idref="fl-75"/>
      </object_component>
      <object_component id="oc-81">
         <name>.int52</name>
         <load_address>0xffe8</load_address>
         <run_address>0xffe8</run_address>
         <size>0x2</size>
         <input_file_ref idref="fl-76"/>
      </object_component>
      <object_component id="oc-82">
         <name>.int53</name>
         <load_address>0xffea</load_address>
         <run_address>0xffea</run_address>
         <size>0x2</size>
         <input_file_ref idref="fl-8e"/>
      </object_component>
      <object_component id="oc-83">
         <name>.int55</name>
         <load_address>0xffee</load_address>
         <run_address>0xffee</run_address>
         <size>0x2</size>
         <input_file_ref idref="fl-77"/>
      </object_component>
      <object_component id="oc-84">
         <name>.int56</name>
         <load_address>0xfff0</load_address>
         <run_address>0xfff0</run_address>
         <size>0x2</size>
         <input_file_ref idref="fl-78"/>
      </object_component>
      <object_component id="oc-85">
         <name>.int57</name>
         <load_address>0xfff2</load_address>
         <run_address>0xfff2</run_address>
         <size>0x2</size>
         <input_file_ref idref="fl-79"/>
      </object_component>
      <object_component id="oc-86">
         <name>.int58</name>
         <load_address>0xfff4</load_address>
         <run_address>0xfff4</run_address>
         <size>0x2</size>
         <input_file_ref idref="fl-7a"/>
      </object_component>
      <object_component id="oc-87">
         <name>.int59</name>
         <load_address>0xfff6</load_address>
         <run_address>0xfff6</run_address>
         <size>0x2</size>
         <input_file_ref idref="fl-7b"/>
      </object_component>
      <object_component id="oc-88">
         <name>.int60</name>
         <load_address>0xfff8</load_address>
         <run_address>0xfff8</run_address>
         <size>0x2</size>
         <input_file_ref idref="fl-7c"/>
      </object_component>
      <object_component id="oc-89">
         <name>.int61</name>
         <load_address>0xfffa</load_address>
         <run_address>0xfffa</run_address>
         <size>0x2</size>
         <input_file_ref idref="fl-8e"/>
      </object_component>
      <object_component id="oc-8a">
         <name>.int62</name>
         <load_address>0xfffc</load_address>
         <run_address>0xfffc</run_address>
         <size>0x2</size>
         <input_file_ref idref="fl-7d"/>
      </object_component>
      <object_component id="oc-d0">
         <name>.reset</name>
         <load_address>0xfffe</load_address>
         <run_address>0xfffe</run_address>
         <size>0x2</size>
         <input_file_ref idref="fl-62"/>
      </object_component>
      <object_component id="oc-171">
         <name>.data</name>
         <load_address>0x265a</load_address>
         <run_address>0x265a</run_address>
         <size>0x1</size>
         <input_file_ref idref="fl-2"/>
      </object_component>
      <object_component id="oc-19f">
         <name>.data</name>
         <load_address>0x264a</load_address>
         <run_address>0x264a</run_address>
         <size>0xe</size>
         <input_file_ref idref="fl-3"/>
      </object_component>
      <object_component id="oc-230">
         <name>.data</name>
         <load_address>0x2658</load_address>
         <run_address>0x2658</run_address>
         <size>0x2</size>
         <input_file_ref idref="fl-2d"/>
      </object_component>
      <object_component id="oc-ce">
         <name>.debug_info</name>
         <load_address>0x0</load_address>
         <run_address>0x0</run_address>
         <size>0xd6</size>
         <input_file_ref idref="fl-62"/>
      </object_component>
      <object_component id="oc-13a">
         <name>.debug_info</name>
         <load_address>0xd6</load_address>
         <run_address>0xd6</run_address>
         <size>0x84</size>
         <input_file_ref idref="fl-62"/>
      </object_component>
      <object_component id="oc-aa">
         <name>.debug_info</name>
         <load_address>0x15a</load_address>
         <run_address>0x15a</run_address>
         <size>0x177</size>
         <input_file_ref idref="fl-63"/>
      </object_component>
      <object_component id="oc-246">
         <name>.debug_info</name>
         <load_address>0x2d1</load_address>
         <run_address>0x2d1</run_address>
         <size>0x100</size>
         <input_file_ref idref="fl-6a"/>
      </object_component>
      <object_component id="oc-130">
         <name>.debug_info</name>
         <load_address>0x3d1</load_address>
         <run_address>0x3d1</run_address>
         <size>0xf8</size>
         <input_file_ref idref="fl-6b"/>
      </object_component>
      <object_component id="oc-e7">
         <name>.debug_info</name>
         <load_address>0x4c9</load_address>
         <run_address>0x4c9</run_address>
         <size>0xec</size>
         <input_file_ref idref="fl-7e"/>
      </object_component>
      <object_component id="oc-225">
         <name>.debug_info</name>
         <load_address>0x5b5</load_address>
         <run_address>0x5b5</run_address>
         <size>0x103</size>
         <input_file_ref idref="fl-80"/>
      </object_component>
      <object_component id="oc-24b">
         <name>.debug_info</name>
         <load_address>0x6b8</load_address>
         <run_address>0x6b8</run_address>
         <size>0x103</size>
         <input_file_ref idref="fl-81"/>
      </object_component>
      <object_component id="oc-241">
         <name>.debug_info</name>
         <load_address>0x7bb</load_address>
         <run_address>0x7bb</run_address>
         <size>0x10d</size>
         <input_file_ref idref="fl-88"/>
      </object_component>
      <object_component id="oc-dd">
         <name>.debug_info</name>
         <load_address>0x8c8</load_address>
         <run_address>0x8c8</run_address>
         <size>0xaa3</size>
         <input_file_ref idref="fl-8e"/>
      </object_component>
      <object_component id="oc-172">
         <name>.debug_info</name>
         <load_address>0x136b</load_address>
         <run_address>0x136b</run_address>
         <size>0xd2</size>
         <input_file_ref idref="fl-8e"/>
      </object_component>
      <object_component id="oc-1a0">
         <name>.debug_info</name>
         <load_address>0x143d</load_address>
         <run_address>0x143d</run_address>
         <size>0xe1</size>
         <input_file_ref idref="fl-8e"/>
      </object_component>
      <object_component id="oc-1ce">
         <name>.debug_info</name>
         <load_address>0x151e</load_address>
         <run_address>0x151e</run_address>
         <size>0xe9</size>
         <input_file_ref idref="fl-8e"/>
      </object_component>
      <object_component id="oc-252">
         <name>.debug_info</name>
         <load_address>0x1607</load_address>
         <run_address>0x1607</run_address>
         <size>0xd2</size>
         <input_file_ref idref="fl-8e"/>
      </object_component>
      <object_component id="oc-231">
         <name>.debug_info</name>
         <load_address>0x16d9</load_address>
         <run_address>0x16d9</run_address>
         <size>0xe6</size>
         <input_file_ref idref="fl-8e"/>
      </object_component>
      <object_component id="oc-1ee">
         <name>.debug_info</name>
         <load_address>0x17bf</load_address>
         <run_address>0x17bf</run_address>
         <size>0x1f1</size>
         <input_file_ref idref="fl-8e"/>
      </object_component>
      <object_component id="oc-1f4">
         <name>.debug_info</name>
         <load_address>0x19b0</load_address>
         <run_address>0x19b0</run_address>
         <size>0x20f</size>
         <input_file_ref idref="fl-8e"/>
      </object_component>
      <object_component id="oc-177">
         <name>.debug_info</name>
         <load_address>0x1bbf</load_address>
         <run_address>0x1bbf</run_address>
         <size>0x14a</size>
         <input_file_ref idref="fl-8e"/>
      </object_component>
      <object_component id="oc-17d">
         <name>.debug_info</name>
         <load_address>0x1d09</load_address>
         <run_address>0x1d09</run_address>
         <size>0x14c</size>
         <input_file_ref idref="fl-8e"/>
      </object_component>
      <object_component id="oc-1b1">
         <name>.debug_info</name>
         <load_address>0x1e55</load_address>
         <run_address>0x1e55</run_address>
         <size>0x1ea</size>
         <input_file_ref idref="fl-8e"/>
      </object_component>
      <object_component id="oc-1ab">
         <name>.debug_info</name>
         <load_address>0x203f</load_address>
         <run_address>0x203f</run_address>
         <size>0x1f2</size>
         <input_file_ref idref="fl-8e"/>
      </object_component>
      <object_component id="oc-1fa">
         <name>.debug_info</name>
         <load_address>0x2231</load_address>
         <run_address>0x2231</run_address>
         <size>0x213</size>
         <input_file_ref idref="fl-8e"/>
      </object_component>
      <object_component id="oc-19c">
         <name>.debug_info</name>
         <load_address>0x2444</load_address>
         <run_address>0x2444</run_address>
         <size>0x3c8</size>
         <input_file_ref idref="fl-8e"/>
      </object_component>
      <object_component id="oc-1a6">
         <name>.debug_info</name>
         <load_address>0x280c</load_address>
         <run_address>0x280c</run_address>
         <size>0x1af</size>
         <input_file_ref idref="fl-8e"/>
      </object_component>
      <object_component id="oc-1b8">
         <name>.debug_info</name>
         <load_address>0x29bb</load_address>
         <run_address>0x29bb</run_address>
         <size>0x11d</size>
         <input_file_ref idref="fl-8e"/>
      </object_component>
      <object_component id="oc-1bf">
         <name>.debug_info</name>
         <load_address>0x2ad8</load_address>
         <run_address>0x2ad8</run_address>
         <size>0x156</size>
         <input_file_ref idref="fl-8e"/>
      </object_component>
      <object_component id="oc-27c">
         <name>.debug_info</name>
         <load_address>0x2c2e</load_address>
         <run_address>0x2c2e</run_address>
         <size>0x10c</size>
         <input_file_ref idref="fl-8e"/>
      </object_component>
      <object_component id="oc-2a1">
         <name>.debug_info</name>
         <load_address>0x2d3a</load_address>
         <run_address>0x2d3a</run_address>
         <size>0x128</size>
         <input_file_ref idref="fl-8e"/>
      </object_component>
      <object_component id="oc-292">
         <name>.debug_info</name>
         <load_address>0x2e62</load_address>
         <run_address>0x2e62</run_address>
         <size>0x13a</size>
         <input_file_ref idref="fl-8e"/>
      </object_component>
      <object_component id="oc-275">
         <name>.debug_info</name>
         <load_address>0x2f9c</load_address>
         <run_address>0x2f9c</run_address>
         <size>0x1d6</size>
         <input_file_ref idref="fl-8e"/>
      </object_component>
      <object_component id="oc-237">
         <name>.debug_info</name>
         <load_address>0x3172</load_address>
         <run_address>0x3172</run_address>
         <size>0x285</size>
         <input_file_ref idref="fl-8e"/>
      </object_component>
      <object_component id="oc-2a8">
         <name>.debug_info</name>
         <load_address>0x33f7</load_address>
         <run_address>0x33f7</run_address>
         <size>0x1ab</size>
         <input_file_ref idref="fl-8e"/>
      </object_component>
      <object_component id="oc-29a">
         <name>.debug_info</name>
         <load_address>0x35a2</load_address>
         <run_address>0x35a2</run_address>
         <size>0x170</size>
         <input_file_ref idref="fl-8e"/>
      </object_component>
      <object_component id="oc-28a">
         <name>.debug_info</name>
         <load_address>0x3712</load_address>
         <run_address>0x3712</run_address>
         <size>0x247</size>
         <input_file_ref idref="fl-8e"/>
      </object_component>
      <object_component id="oc-25f">
         <name>.debug_info</name>
         <load_address>0x3959</load_address>
         <run_address>0x3959</run_address>
         <size>0x183</size>
         <input_file_ref idref="fl-8e"/>
      </object_component>
      <object_component id="oc-23d">
         <name>.debug_info</name>
         <load_address>0x3adc</load_address>
         <run_address>0x3adc</run_address>
         <size>0x155</size>
         <input_file_ref idref="fl-8e"/>
      </object_component>
      <object_component id="oc-20a">
         <name>.debug_info</name>
         <load_address>0x3c31</load_address>
         <run_address>0x3c31</run_address>
         <size>0x51d</size>
         <input_file_ref idref="fl-8e"/>
      </object_component>
      <object_component id="oc-216">
         <name>.debug_info</name>
         <load_address>0x414e</load_address>
         <run_address>0x414e</run_address>
         <size>0x1dd</size>
         <input_file_ref idref="fl-8e"/>
      </object_component>
      <object_component id="oc-265">
         <name>.debug_info</name>
         <load_address>0x432b</load_address>
         <run_address>0x432b</run_address>
         <size>0x295</size>
         <input_file_ref idref="fl-8e"/>
      </object_component>
      <object_component id="oc-259">
         <name>.debug_info</name>
         <load_address>0x45c0</load_address>
         <run_address>0x45c0</run_address>
         <size>0x16c</size>
         <input_file_ref idref="fl-8e"/>
      </object_component>
      <object_component id="oc-222">
         <name>.debug_info</name>
         <load_address>0x472c</load_address>
         <run_address>0x472c</run_address>
         <size>0x173</size>
         <input_file_ref idref="fl-8e"/>
      </object_component>
      <object_component id="oc-21c">
         <name>.debug_info</name>
         <load_address>0x489f</load_address>
         <run_address>0x489f</run_address>
         <size>0x1de</size>
         <input_file_ref idref="fl-8e"/>
      </object_component>
      <object_component id="oc-210">
         <name>.debug_info</name>
         <load_address>0x4a7d</load_address>
         <run_address>0x4a7d</run_address>
         <size>0x15a</size>
         <input_file_ref idref="fl-8e"/>
      </object_component>
      <object_component id="oc-1c7">
         <name>.debug_info</name>
         <load_address>0x4bd7</load_address>
         <run_address>0x4bd7</run_address>
         <size>0x20d</size>
         <input_file_ref idref="fl-8e"/>
      </object_component>
      <object_component id="oc-128">
         <name>.debug_info</name>
         <load_address>0x4de4</load_address>
         <run_address>0x4de4</run_address>
         <size>0x263</size>
         <input_file_ref idref="fl-8e"/>
      </object_component>
      <object_component id="oc-108">
         <name>.debug_info</name>
         <load_address>0x5047</load_address>
         <run_address>0x5047</run_address>
         <size>0x129</size>
         <input_file_ref idref="fl-8e"/>
      </object_component>
      <object_component id="oc-8f">
         <name>.debug_info</name>
         <load_address>0x5170</load_address>
         <run_address>0x5170</run_address>
         <size>0x181</size>
         <input_file_ref idref="fl-8e"/>
      </object_component>
      <object_component id="oc-e3">
         <name>.debug_info</name>
         <load_address>0x52f1</load_address>
         <run_address>0x52f1</run_address>
         <size>0x1ff</size>
         <input_file_ref idref="fl-8e"/>
      </object_component>
      <object_component id="oc-74">
         <name>.debug_info</name>
         <load_address>0x54f0</load_address>
         <run_address>0x54f0</run_address>
         <size>0x176</size>
         <input_file_ref idref="fl-8e"/>
      </object_component>
      <object_component id="oc-d5">
         <name>.debug_info</name>
         <load_address>0x5666</load_address>
         <run_address>0x5666</run_address>
         <size>0x153</size>
         <input_file_ref idref="fl-8e"/>
      </object_component>
      <object_component id="oc-6e">
         <name>.debug_info</name>
         <load_address>0x57b9</load_address>
         <run_address>0x57b9</run_address>
         <size>0x189</size>
         <input_file_ref idref="fl-8e"/>
      </object_component>
      <object_component id="oc-101">
         <name>.debug_info</name>
         <load_address>0x5942</load_address>
         <run_address>0x5942</run_address>
         <size>0x100</size>
         <input_file_ref idref="fl-8e"/>
      </object_component>
      <object_component id="oc-f5">
         <name>.debug_info</name>
         <load_address>0x5a42</load_address>
         <run_address>0x5a42</run_address>
         <size>0x10a</size>
         <input_file_ref idref="fl-8e"/>
      </object_component>
      <object_component id="oc-fb">
         <name>.debug_info</name>
         <load_address>0x5b4c</load_address>
         <run_address>0x5b4c</run_address>
         <size>0x10a</size>
         <input_file_ref idref="fl-8e"/>
      </object_component>
      <object_component id="oc-ef">
         <name>.debug_info</name>
         <load_address>0x5c56</load_address>
         <run_address>0x5c56</run_address>
         <size>0x138</size>
         <input_file_ref idref="fl-8e"/>
      </object_component>
      <object_component id="oc-14c">
         <name>.debug_info</name>
         <load_address>0x5d8e</load_address>
         <run_address>0x5d8e</run_address>
         <size>0x467</size>
         <input_file_ref idref="fl-8e"/>
      </object_component>
      <object_component id="oc-26c">
         <name>.debug_info</name>
         <load_address>0x61f5</load_address>
         <run_address>0x61f5</run_address>
         <size>0x70</size>
         <input_file_ref idref="fl-8e"/>
      </object_component>
      <object_component id="oc-151">
         <name>.debug_info</name>
         <load_address>0x6265</load_address>
         <run_address>0x6265</run_address>
         <size>0x392</size>
         <input_file_ref idref="fl-8e"/>
      </object_component>
      <object_component id="oc-145">
         <name>.debug_info</name>
         <load_address>0x65f7</load_address>
         <run_address>0x65f7</run_address>
         <size>0x8b</size>
         <input_file_ref idref="fl-8e"/>
      </object_component>
      <object_component id="oc-156">
         <name>.debug_info</name>
         <load_address>0x6682</load_address>
         <run_address>0x6682</run_address>
         <size>0x39</size>
         <input_file_ref idref="fl-8e"/>
      </object_component>
      <object_component id="oc-160">
         <name>.debug_info</name>
         <load_address>0x66bb</load_address>
         <run_address>0x66bb</run_address>
         <size>0x17e</size>
         <input_file_ref idref="fl-8e"/>
      </object_component>
      <object_component id="oc-15b">
         <name>.debug_info</name>
         <load_address>0x6839</load_address>
         <run_address>0x6839</run_address>
         <size>0x87</size>
         <input_file_ref idref="fl-8e"/>
      </object_component>
      <object_component id="oc-d8">
         <name>.debug_info</name>
         <load_address>0x68c0</load_address>
         <run_address>0x68c0</run_address>
         <size>0x46</size>
         <input_file_ref idref="fl-8e"/>
      </object_component>
      <object_component id="oc-140">
         <name>.debug_info</name>
         <load_address>0x6906</load_address>
         <run_address>0x6906</run_address>
         <size>0x2c</size>
         <input_file_ref idref="fl-8e"/>
      </object_component>
      <object_component id="oc-165">
         <name>.debug_info</name>
         <load_address>0x6932</load_address>
         <run_address>0x6932</run_address>
         <size>0x2c</size>
         <input_file_ref idref="fl-8e"/>
      </object_component>
      <object_component id="oc-16a">
         <name>.debug_info</name>
         <load_address>0x695e</load_address>
         <run_address>0x695e</run_address>
         <size>0x2c</size>
         <input_file_ref idref="fl-8e"/>
      </object_component>
      <object_component id="oc-187">
         <name>.debug_info</name>
         <load_address>0x698a</load_address>
         <run_address>0x698a</run_address>
         <size>0x304</size>
         <input_file_ref idref="fl-8f"/>
      </object_component>
      <object_component id="oc-10b">
         <name>.debug_info</name>
         <load_address>0x6c8e</load_address>
         <run_address>0x6c8e</run_address>
         <size>0x1d8</size>
         <input_file_ref idref="fl-8f"/>
      </object_component>
      <object_component id="oc-318">
         <name>.debug_info</name>
         <load_address>0x6e66</load_address>
         <run_address>0x6e66</run_address>
         <size>0xb5</size>
      </object_component>
      <object_component id="oc-139">
         <name>.debug_line</name>
         <load_address>0x0</load_address>
         <run_address>0x0</run_address>
         <size>0x2a</size>
         <input_file_ref idref="fl-62"/>
      </object_component>
      <object_component id="oc-13d">
         <name>.debug_line</name>
         <load_address>0x2a</load_address>
         <run_address>0x2a</run_address>
         <size>0x20</size>
         <input_file_ref idref="fl-62"/>
      </object_component>
      <object_component id="oc-ad">
         <name>.debug_line</name>
         <load_address>0x4a</load_address>
         <run_address>0x4a</run_address>
         <size>0x4c</size>
         <input_file_ref idref="fl-63"/>
      </object_component>
      <object_component id="oc-248">
         <name>.debug_line</name>
         <load_address>0x96</load_address>
         <run_address>0x96</run_address>
         <size>0x64</size>
         <input_file_ref idref="fl-6a"/>
      </object_component>
      <object_component id="oc-12f">
         <name>.debug_line</name>
         <load_address>0xfa</load_address>
         <run_address>0xfa</run_address>
         <size>0x3a</size>
         <input_file_ref idref="fl-6b"/>
      </object_component>
      <object_component id="oc-ea">
         <name>.debug_line</name>
         <load_address>0x134</load_address>
         <run_address>0x134</run_address>
         <size>0x3c</size>
         <input_file_ref idref="fl-7e"/>
      </object_component>
      <object_component id="oc-228">
         <name>.debug_line</name>
         <load_address>0x170</load_address>
         <run_address>0x170</run_address>
         <size>0x56</size>
         <input_file_ref idref="fl-80"/>
      </object_component>
      <object_component id="oc-24d">
         <name>.debug_line</name>
         <load_address>0x1c6</load_address>
         <run_address>0x1c6</run_address>
         <size>0x56</size>
         <input_file_ref idref="fl-81"/>
      </object_component>
      <object_component id="oc-243">
         <name>.debug_line</name>
         <load_address>0x21c</load_address>
         <run_address>0x21c</run_address>
         <size>0x48</size>
         <input_file_ref idref="fl-88"/>
      </object_component>
      <object_component id="oc-14b">
         <name>.debug_line</name>
         <load_address>0x264</load_address>
         <run_address>0x264</run_address>
         <size>0xf4</size>
         <input_file_ref idref="fl-8e"/>
      </object_component>
      <object_component id="oc-1cc">
         <name>.debug_line</name>
         <load_address>0x358</load_address>
         <run_address>0x358</run_address>
         <size>0x2c</size>
         <input_file_ref idref="fl-8e"/>
      </object_component>
      <object_component id="oc-1ff">
         <name>.debug_line</name>
         <load_address>0x384</load_address>
         <run_address>0x384</run_address>
         <size>0x2d</size>
         <input_file_ref idref="fl-8e"/>
      </object_component>
      <object_component id="oc-22b">
         <name>.debug_line</name>
         <load_address>0x3b1</load_address>
         <run_address>0x3b1</run_address>
         <size>0x46</size>
         <input_file_ref idref="fl-8e"/>
      </object_component>
      <object_component id="oc-284">
         <name>.debug_line</name>
         <load_address>0x3f7</load_address>
         <run_address>0x3f7</run_address>
         <size>0x31</size>
         <input_file_ref idref="fl-8e"/>
      </object_component>
      <object_component id="oc-26b">
         <name>.debug_line</name>
         <load_address>0x428</load_address>
         <run_address>0x428</run_address>
         <size>0x32</size>
         <input_file_ref idref="fl-8e"/>
      </object_component>
      <object_component id="oc-1f0">
         <name>.debug_line</name>
         <load_address>0x45a</load_address>
         <run_address>0x45a</run_address>
         <size>0x62</size>
         <input_file_ref idref="fl-8e"/>
      </object_component>
      <object_component id="oc-1f6">
         <name>.debug_line</name>
         <load_address>0x4bc</load_address>
         <run_address>0x4bc</run_address>
         <size>0x65</size>
         <input_file_ref idref="fl-8e"/>
      </object_component>
      <object_component id="oc-179">
         <name>.debug_line</name>
         <load_address>0x521</load_address>
         <run_address>0x521</run_address>
         <size>0x59</size>
         <input_file_ref idref="fl-8e"/>
      </object_component>
      <object_component id="oc-17f">
         <name>.debug_line</name>
         <load_address>0x57a</load_address>
         <run_address>0x57a</run_address>
         <size>0x59</size>
         <input_file_ref idref="fl-8e"/>
      </object_component>
      <object_component id="oc-1b3">
         <name>.debug_line</name>
         <load_address>0x5d3</load_address>
         <run_address>0x5d3</run_address>
         <size>0x63</size>
         <input_file_ref idref="fl-8e"/>
      </object_component>
      <object_component id="oc-1ad">
         <name>.debug_line</name>
         <load_address>0x636</load_address>
         <run_address>0x636</run_address>
         <size>0x62</size>
         <input_file_ref idref="fl-8e"/>
      </object_component>
      <object_component id="oc-1fc">
         <name>.debug_line</name>
         <load_address>0x698</load_address>
         <run_address>0x698</run_address>
         <size>0x65</size>
         <input_file_ref idref="fl-8e"/>
      </object_component>
      <object_component id="oc-19e">
         <name>.debug_line</name>
         <load_address>0x6fd</load_address>
         <run_address>0x6fd</run_address>
         <size>0x89</size>
         <input_file_ref idref="fl-8e"/>
      </object_component>
      <object_component id="oc-1a4">
         <name>.debug_line</name>
         <load_address>0x786</load_address>
         <run_address>0x786</run_address>
         <size>0x6d</size>
         <input_file_ref idref="fl-8e"/>
      </object_component>
      <object_component id="oc-1b6">
         <name>.debug_line</name>
         <load_address>0x7f3</load_address>
         <run_address>0x7f3</run_address>
         <size>0x59</size>
         <input_file_ref idref="fl-8e"/>
      </object_component>
      <object_component id="oc-1bd">
         <name>.debug_line</name>
         <load_address>0x84c</load_address>
         <run_address>0x84c</run_address>
         <size>0x62</size>
         <input_file_ref idref="fl-8e"/>
      </object_component>
      <object_component id="oc-27a">
         <name>.debug_line</name>
         <load_address>0x8ae</load_address>
         <run_address>0x8ae</run_address>
         <size>0x6c</size>
         <input_file_ref idref="fl-8e"/>
      </object_component>
      <object_component id="oc-29f">
         <name>.debug_line</name>
         <load_address>0x91a</load_address>
         <run_address>0x91a</run_address>
         <size>0x67</size>
         <input_file_ref idref="fl-8e"/>
      </object_component>
      <object_component id="oc-290">
         <name>.debug_line</name>
         <load_address>0x981</load_address>
         <run_address>0x981</run_address>
         <size>0x6c</size>
         <input_file_ref idref="fl-8e"/>
      </object_component>
      <object_component id="oc-273">
         <name>.debug_line</name>
         <load_address>0x9ed</load_address>
         <run_address>0x9ed</run_address>
         <size>0x93</size>
         <input_file_ref idref="fl-8e"/>
      </object_component>
      <object_component id="oc-235">
         <name>.debug_line</name>
         <load_address>0xa80</load_address>
         <run_address>0xa80</run_address>
         <size>0x12a</size>
         <input_file_ref idref="fl-8e"/>
      </object_component>
      <object_component id="oc-2a6">
         <name>.debug_line</name>
         <load_address>0xbaa</load_address>
         <run_address>0xbaa</run_address>
         <size>0x98</size>
         <input_file_ref idref="fl-8e"/>
      </object_component>
      <object_component id="oc-298">
         <name>.debug_line</name>
         <load_address>0xc42</load_address>
         <run_address>0xc42</run_address>
         <size>0x6e</size>
         <input_file_ref idref="fl-8e"/>
      </object_component>
      <object_component id="oc-288">
         <name>.debug_line</name>
         <load_address>0xcb0</load_address>
         <run_address>0xcb0</run_address>
         <size>0xaa</size>
         <input_file_ref idref="fl-8e"/>
      </object_component>
      <object_component id="oc-25d">
         <name>.debug_line</name>
         <load_address>0xd5a</load_address>
         <run_address>0xd5a</run_address>
         <size>0x54</size>
         <input_file_ref idref="fl-8e"/>
      </object_component>
      <object_component id="oc-23b">
         <name>.debug_line</name>
         <load_address>0xdae</load_address>
         <run_address>0xdae</run_address>
         <size>0x4a</size>
         <input_file_ref idref="fl-8e"/>
      </object_component>
      <object_component id="oc-208">
         <name>.debug_line</name>
         <load_address>0xdf8</load_address>
         <run_address>0xdf8</run_address>
         <size>0x220</size>
         <input_file_ref idref="fl-8e"/>
      </object_component>
      <object_component id="oc-214">
         <name>.debug_line</name>
         <load_address>0x1018</load_address>
         <run_address>0x1018</run_address>
         <size>0xf8</size>
         <input_file_ref idref="fl-8e"/>
      </object_component>
      <object_component id="oc-263">
         <name>.debug_line</name>
         <load_address>0x1110</load_address>
         <run_address>0x1110</run_address>
         <size>0x79</size>
         <input_file_ref idref="fl-8e"/>
      </object_component>
      <object_component id="oc-257">
         <name>.debug_line</name>
         <load_address>0x1189</load_address>
         <run_address>0x1189</run_address>
         <size>0x47</size>
         <input_file_ref idref="fl-8e"/>
      </object_component>
      <object_component id="oc-220">
         <name>.debug_line</name>
         <load_address>0x11d0</load_address>
         <run_address>0x11d0</run_address>
         <size>0x6d</size>
         <input_file_ref idref="fl-8e"/>
      </object_component>
      <object_component id="oc-21a">
         <name>.debug_line</name>
         <load_address>0x123d</load_address>
         <run_address>0x123d</run_address>
         <size>0xa7</size>
         <input_file_ref idref="fl-8e"/>
      </object_component>
      <object_component id="oc-20e">
         <name>.debug_line</name>
         <load_address>0x12e4</load_address>
         <run_address>0x12e4</run_address>
         <size>0x4b</size>
         <input_file_ref idref="fl-8e"/>
      </object_component>
      <object_component id="oc-1c5">
         <name>.debug_line</name>
         <load_address>0x132f</load_address>
         <run_address>0x132f</run_address>
         <size>0x85</size>
         <input_file_ref idref="fl-8e"/>
      </object_component>
      <object_component id="oc-126">
         <name>.debug_line</name>
         <load_address>0x13b4</load_address>
         <run_address>0x13b4</run_address>
         <size>0x14c</size>
         <input_file_ref idref="fl-8e"/>
      </object_component>
      <object_component id="oc-106">
         <name>.debug_line</name>
         <load_address>0x1500</load_address>
         <run_address>0x1500</run_address>
         <size>0x49</size>
         <input_file_ref idref="fl-8e"/>
      </object_component>
      <object_component id="oc-8d">
         <name>.debug_line</name>
         <load_address>0x1549</load_address>
         <run_address>0x1549</run_address>
         <size>0x4d</size>
         <input_file_ref idref="fl-8e"/>
      </object_component>
      <object_component id="oc-e0">
         <name>.debug_line</name>
         <load_address>0x1596</load_address>
         <run_address>0x1596</run_address>
         <size>0x8b</size>
         <input_file_ref idref="fl-8e"/>
      </object_component>
      <object_component id="oc-71">
         <name>.debug_line</name>
         <load_address>0x1621</load_address>
         <run_address>0x1621</run_address>
         <size>0x49</size>
         <input_file_ref idref="fl-8e"/>
      </object_component>
      <object_component id="oc-d2">
         <name>.debug_line</name>
         <load_address>0x166a</load_address>
         <run_address>0x166a</run_address>
         <size>0x42</size>
         <input_file_ref idref="fl-8e"/>
      </object_component>
      <object_component id="oc-6b">
         <name>.debug_line</name>
         <load_address>0x16ac</load_address>
         <run_address>0x16ac</run_address>
         <size>0x50</size>
         <input_file_ref idref="fl-8e"/>
      </object_component>
      <object_component id="oc-fe">
         <name>.debug_line</name>
         <load_address>0x16fc</load_address>
         <run_address>0x16fc</run_address>
         <size>0xa6</size>
         <input_file_ref idref="fl-8e"/>
      </object_component>
      <object_component id="oc-f2">
         <name>.debug_line</name>
         <load_address>0x17a2</load_address>
         <run_address>0x17a2</run_address>
         <size>0x41</size>
         <input_file_ref idref="fl-8e"/>
      </object_component>
      <object_component id="oc-f8">
         <name>.debug_line</name>
         <load_address>0x17e3</load_address>
         <run_address>0x17e3</run_address>
         <size>0x40</size>
         <input_file_ref idref="fl-8e"/>
      </object_component>
      <object_component id="oc-ec">
         <name>.debug_line</name>
         <load_address>0x1823</load_address>
         <run_address>0x1823</run_address>
         <size>0x46</size>
         <input_file_ref idref="fl-8e"/>
      </object_component>
      <object_component id="oc-14f">
         <name>.debug_line</name>
         <load_address>0x1869</load_address>
         <run_address>0x1869</run_address>
         <size>0x31</size>
         <input_file_ref idref="fl-8e"/>
      </object_component>
      <object_component id="oc-26f">
         <name>.debug_line</name>
         <load_address>0x189a</load_address>
         <run_address>0x189a</run_address>
         <size>0x35</size>
         <input_file_ref idref="fl-8e"/>
      </object_component>
      <object_component id="oc-154">
         <name>.debug_line</name>
         <load_address>0x18cf</load_address>
         <run_address>0x18cf</run_address>
         <size>0x84</size>
         <input_file_ref idref="fl-8e"/>
      </object_component>
      <object_component id="oc-148">
         <name>.debug_line</name>
         <load_address>0x1953</load_address>
         <run_address>0x1953</run_address>
         <size>0x20</size>
         <input_file_ref idref="fl-8e"/>
      </object_component>
      <object_component id="oc-159">
         <name>.debug_line</name>
         <load_address>0x1973</load_address>
         <run_address>0x1973</run_address>
         <size>0x2e</size>
         <input_file_ref idref="fl-8e"/>
      </object_component>
      <object_component id="oc-163">
         <name>.debug_line</name>
         <load_address>0x19a1</load_address>
         <run_address>0x19a1</run_address>
         <size>0x63</size>
         <input_file_ref idref="fl-8e"/>
      </object_component>
      <object_component id="oc-15e">
         <name>.debug_line</name>
         <load_address>0x1a04</load_address>
         <run_address>0x1a04</run_address>
         <size>0x36</size>
         <input_file_ref idref="fl-8e"/>
      </object_component>
      <object_component id="oc-db">
         <name>.debug_line</name>
         <load_address>0x1a3a</load_address>
         <run_address>0x1a3a</run_address>
         <size>0x34</size>
         <input_file_ref idref="fl-8e"/>
      </object_component>
      <object_component id="oc-143">
         <name>.debug_line</name>
         <load_address>0x1a6e</load_address>
         <run_address>0x1a6e</run_address>
         <size>0x80</size>
         <input_file_ref idref="fl-8e"/>
      </object_component>
      <object_component id="oc-168">
         <name>.debug_line</name>
         <load_address>0x1aee</load_address>
         <run_address>0x1aee</run_address>
         <size>0x80</size>
         <input_file_ref idref="fl-8e"/>
      </object_component>
      <object_component id="oc-16d">
         <name>.debug_line</name>
         <load_address>0x1b6e</load_address>
         <run_address>0x1b6e</run_address>
         <size>0x31</size>
         <input_file_ref idref="fl-8e"/>
      </object_component>
      <object_component id="oc-1d3">
         <name>.debug_line</name>
         <load_address>0x1b9f</load_address>
         <run_address>0x1b9f</run_address>
         <size>0x40</size>
         <input_file_ref idref="fl-8f"/>
      </object_component>
      <object_component id="oc-10e">
         <name>.debug_line</name>
         <load_address>0x1bdf</load_address>
         <run_address>0x1bdf</run_address>
         <size>0x94</size>
         <input_file_ref idref="fl-8f"/>
      </object_component>
      <object_component id="oc-ae">
         <name>.debug_frame</name>
         <load_address>0x0</load_address>
         <run_address>0x0</run_address>
         <size>0x42</size>
         <input_file_ref idref="fl-63"/>
      </object_component>
      <object_component id="oc-12d">
         <name>.debug_frame</name>
         <load_address>0x42</load_address>
         <run_address>0x42</run_address>
         <size>0x47</size>
         <input_file_ref idref="fl-6b"/>
      </object_component>
      <object_component id="oc-1ed">
         <name>.debug_frame</name>
         <load_address>0x89</load_address>
         <run_address>0x89</run_address>
         <size>0x47</size>
         <input_file_ref idref="fl-8e"/>
      </object_component>
      <object_component id="oc-1f3">
         <name>.debug_frame</name>
         <load_address>0xd0</load_address>
         <run_address>0xd0</run_address>
         <size>0x47</size>
         <input_file_ref idref="fl-8e"/>
      </object_component>
      <object_component id="oc-176">
         <name>.debug_frame</name>
         <load_address>0x117</load_address>
         <run_address>0x117</run_address>
         <size>0x47</size>
         <input_file_ref idref="fl-8e"/>
      </object_component>
      <object_component id="oc-17c">
         <name>.debug_frame</name>
         <load_address>0x15e</load_address>
         <run_address>0x15e</run_address>
         <size>0x47</size>
         <input_file_ref idref="fl-8e"/>
      </object_component>
      <object_component id="oc-1b0">
         <name>.debug_frame</name>
         <load_address>0x1a5</load_address>
         <run_address>0x1a5</run_address>
         <size>0x47</size>
         <input_file_ref idref="fl-8e"/>
      </object_component>
      <object_component id="oc-1aa">
         <name>.debug_frame</name>
         <load_address>0x1ec</load_address>
         <run_address>0x1ec</run_address>
         <size>0x47</size>
         <input_file_ref idref="fl-8e"/>
      </object_component>
      <object_component id="oc-1f9">
         <name>.debug_frame</name>
         <load_address>0x233</load_address>
         <run_address>0x233</run_address>
         <size>0x47</size>
         <input_file_ref idref="fl-8e"/>
      </object_component>
      <object_component id="oc-19b">
         <name>.debug_frame</name>
         <load_address>0x27a</load_address>
         <run_address>0x27a</run_address>
         <size>0x48</size>
         <input_file_ref idref="fl-8e"/>
      </object_component>
      <object_component id="oc-1a5">
         <name>.debug_frame</name>
         <load_address>0x2c2</load_address>
         <run_address>0x2c2</run_address>
         <size>0x47</size>
         <input_file_ref idref="fl-8e"/>
      </object_component>
      <object_component id="oc-1b7">
         <name>.debug_frame</name>
         <load_address>0x309</load_address>
         <run_address>0x309</run_address>
         <size>0x47</size>
         <input_file_ref idref="fl-8e"/>
      </object_component>
      <object_component id="oc-1be">
         <name>.debug_frame</name>
         <load_address>0x350</load_address>
         <run_address>0x350</run_address>
         <size>0x47</size>
         <input_file_ref idref="fl-8e"/>
      </object_component>
      <object_component id="oc-27b">
         <name>.debug_frame</name>
         <load_address>0x397</load_address>
         <run_address>0x397</run_address>
         <size>0x47</size>
         <input_file_ref idref="fl-8e"/>
      </object_component>
      <object_component id="oc-2a0">
         <name>.debug_frame</name>
         <load_address>0x3de</load_address>
         <run_address>0x3de</run_address>
         <size>0x4b</size>
         <input_file_ref idref="fl-8e"/>
      </object_component>
      <object_component id="oc-291">
         <name>.debug_frame</name>
         <load_address>0x429</load_address>
         <run_address>0x429</run_address>
         <size>0x4b</size>
         <input_file_ref idref="fl-8e"/>
      </object_component>
      <object_component id="oc-274">
         <name>.debug_frame</name>
         <load_address>0x474</load_address>
         <run_address>0x474</run_address>
         <size>0x57</size>
         <input_file_ref idref="fl-8e"/>
      </object_component>
      <object_component id="oc-236">
         <name>.debug_frame</name>
         <load_address>0x4cb</load_address>
         <run_address>0x4cb</run_address>
         <size>0x96</size>
         <input_file_ref idref="fl-8e"/>
      </object_component>
      <object_component id="oc-2a7">
         <name>.debug_frame</name>
         <load_address>0x561</load_address>
         <run_address>0x561</run_address>
         <size>0x5e</size>
         <input_file_ref idref="fl-8e"/>
      </object_component>
      <object_component id="oc-299">
         <name>.debug_frame</name>
         <load_address>0x5bf</load_address>
         <run_address>0x5bf</run_address>
         <size>0x4b</size>
         <input_file_ref idref="fl-8e"/>
      </object_component>
      <object_component id="oc-289">
         <name>.debug_frame</name>
         <load_address>0x60a</load_address>
         <run_address>0x60a</run_address>
         <size>0x6a</size>
         <input_file_ref idref="fl-8e"/>
      </object_component>
      <object_component id="oc-25e">
         <name>.debug_frame</name>
         <load_address>0x674</load_address>
         <run_address>0x674</run_address>
         <size>0x5f</size>
         <input_file_ref idref="fl-8e"/>
      </object_component>
      <object_component id="oc-23c">
         <name>.debug_frame</name>
         <load_address>0x6d3</load_address>
         <run_address>0x6d3</run_address>
         <size>0x50</size>
         <input_file_ref idref="fl-8e"/>
      </object_component>
      <object_component id="oc-209">
         <name>.debug_frame</name>
         <load_address>0x723</load_address>
         <run_address>0x723</run_address>
         <size>0x115</size>
         <input_file_ref idref="fl-8e"/>
      </object_component>
      <object_component id="oc-215">
         <name>.debug_frame</name>
         <load_address>0x838</load_address>
         <run_address>0x838</run_address>
         <size>0x5a</size>
         <input_file_ref idref="fl-8e"/>
      </object_component>
      <object_component id="oc-264">
         <name>.debug_frame</name>
         <load_address>0x892</load_address>
         <run_address>0x892</run_address>
         <size>0x99</size>
         <input_file_ref idref="fl-8e"/>
      </object_component>
      <object_component id="oc-258">
         <name>.debug_frame</name>
         <load_address>0x92b</load_address>
         <run_address>0x92b</run_address>
         <size>0x50</size>
         <input_file_ref idref="fl-8e"/>
      </object_component>
      <object_component id="oc-221">
         <name>.debug_frame</name>
         <load_address>0x97b</load_address>
         <run_address>0x97b</run_address>
         <size>0x5a</size>
         <input_file_ref idref="fl-8e"/>
      </object_component>
      <object_component id="oc-21b">
         <name>.debug_frame</name>
         <load_address>0x9d5</load_address>
         <run_address>0x9d5</run_address>
         <size>0x57</size>
         <input_file_ref idref="fl-8e"/>
      </object_component>
      <object_component id="oc-20f">
         <name>.debug_frame</name>
         <load_address>0xa2c</load_address>
         <run_address>0xa2c</run_address>
         <size>0x47</size>
         <input_file_ref idref="fl-8e"/>
      </object_component>
      <object_component id="oc-1c6">
         <name>.debug_frame</name>
         <load_address>0xa73</load_address>
         <run_address>0xa73</run_address>
         <size>0x63</size>
         <input_file_ref idref="fl-8e"/>
      </object_component>
      <object_component id="oc-127">
         <name>.debug_frame</name>
         <load_address>0xad6</load_address>
         <run_address>0xad6</run_address>
         <size>0x4a</size>
         <input_file_ref idref="fl-8e"/>
      </object_component>
      <object_component id="oc-107">
         <name>.debug_frame</name>
         <load_address>0xb20</load_address>
         <run_address>0xb20</run_address>
         <size>0x47</size>
         <input_file_ref idref="fl-8e"/>
      </object_component>
      <object_component id="oc-8e">
         <name>.debug_frame</name>
         <load_address>0xb67</load_address>
         <run_address>0xb67</run_address>
         <size>0x47</size>
         <input_file_ref idref="fl-8e"/>
      </object_component>
      <object_component id="oc-e1">
         <name>.debug_frame</name>
         <load_address>0xbae</load_address>
         <run_address>0xbae</run_address>
         <size>0x53</size>
         <input_file_ref idref="fl-8e"/>
      </object_component>
      <object_component id="oc-72">
         <name>.debug_frame</name>
         <load_address>0xc01</load_address>
         <run_address>0xc01</run_address>
         <size>0x47</size>
         <input_file_ref idref="fl-8e"/>
      </object_component>
      <object_component id="oc-d3">
         <name>.debug_frame</name>
         <load_address>0xc48</load_address>
         <run_address>0xc48</run_address>
         <size>0x47</size>
         <input_file_ref idref="fl-8e"/>
      </object_component>
      <object_component id="oc-6c">
         <name>.debug_frame</name>
         <load_address>0xc8f</load_address>
         <run_address>0xc8f</run_address>
         <size>0x47</size>
         <input_file_ref idref="fl-8e"/>
      </object_component>
      <object_component id="oc-ff">
         <name>.debug_frame</name>
         <load_address>0xcd6</load_address>
         <run_address>0xcd6</run_address>
         <size>0x50</size>
         <input_file_ref idref="fl-8e"/>
      </object_component>
      <object_component id="oc-f3">
         <name>.debug_frame</name>
         <load_address>0xd26</load_address>
         <run_address>0xd26</run_address>
         <size>0x47</size>
         <input_file_ref idref="fl-8e"/>
      </object_component>
      <object_component id="oc-f9">
         <name>.debug_frame</name>
         <load_address>0xd6d</load_address>
         <run_address>0xd6d</run_address>
         <size>0x47</size>
         <input_file_ref idref="fl-8e"/>
      </object_component>
      <object_component id="oc-ed">
         <name>.debug_frame</name>
         <load_address>0xdb4</load_address>
         <run_address>0xdb4</run_address>
         <size>0x5c</size>
         <input_file_ref idref="fl-8e"/>
      </object_component>
      <object_component id="oc-10f">
         <name>.debug_frame</name>
         <load_address>0xe10</load_address>
         <run_address>0xe10</run_address>
         <size>0x56</size>
         <input_file_ref idref="fl-8f"/>
      </object_component>
      <object_component id="oc-138">
         <name>.debug_abbrev</name>
         <load_address>0x0</load_address>
         <run_address>0x0</run_address>
         <size>0x29</size>
         <input_file_ref idref="fl-62"/>
      </object_component>
      <object_component id="oc-13c">
         <name>.debug_abbrev</name>
         <load_address>0x29</load_address>
         <run_address>0x29</run_address>
         <size>0x1f</size>
         <input_file_ref idref="fl-62"/>
      </object_component>
      <object_component id="oc-132">
         <name>.debug_abbrev</name>
         <load_address>0x48</load_address>
         <run_address>0x48</run_address>
         <size>0x58</size>
         <input_file_ref idref="fl-63"/>
      </object_component>
      <object_component id="oc-281">
         <name>.debug_abbrev</name>
         <load_address>0xa0</load_address>
         <run_address>0xa0</run_address>
         <size>0x3c</size>
         <input_file_ref idref="fl-6a"/>
      </object_component>
      <object_component id="oc-1ca">
         <name>.debug_abbrev</name>
         <load_address>0xdc</load_address>
         <run_address>0xdc</run_address>
         <size>0x45</size>
         <input_file_ref idref="fl-6b"/>
      </object_component>
      <object_component id="oc-170">
         <name>.debug_abbrev</name>
         <load_address>0x121</load_address>
         <run_address>0x121</run_address>
         <size>0x28</size>
         <input_file_ref idref="fl-7e"/>
      </object_component>
      <object_component id="oc-269">
         <name>.debug_abbrev</name>
         <load_address>0x149</load_address>
         <run_address>0x149</run_address>
         <size>0x3c</size>
         <input_file_ref idref="fl-80"/>
      </object_component>
      <object_component id="oc-282">
         <name>.debug_abbrev</name>
         <load_address>0x185</load_address>
         <run_address>0x185</run_address>
         <size>0x3c</size>
         <input_file_ref idref="fl-81"/>
      </object_component>
      <object_component id="oc-280">
         <name>.debug_abbrev</name>
         <load_address>0x1c1</load_address>
         <run_address>0x1c1</run_address>
         <size>0x3c</size>
         <input_file_ref idref="fl-88"/>
      </object_component>
      <object_component id="oc-14a">
         <name>.debug_abbrev</name>
         <load_address>0x1fd</load_address>
         <run_address>0x1fd</run_address>
         <size>0x1c5</size>
         <input_file_ref idref="fl-8e"/>
      </object_component>
      <object_component id="oc-1cb">
         <name>.debug_abbrev</name>
         <load_address>0x3c2</load_address>
         <run_address>0x3c2</run_address>
         <size>0x25</size>
         <input_file_ref idref="fl-8e"/>
      </object_component>
      <object_component id="oc-1fe">
         <name>.debug_abbrev</name>
         <load_address>0x3e7</load_address>
         <run_address>0x3e7</run_address>
         <size>0x27</size>
         <input_file_ref idref="fl-8e"/>
      </object_component>
      <object_component id="oc-22a">
         <name>.debug_abbrev</name>
         <load_address>0x40e</load_address>
         <run_address>0x40e</run_address>
         <size>0x25</size>
         <input_file_ref idref="fl-8e"/>
      </object_component>
      <object_component id="oc-283">
[...]
         <value>0x5fd</value>
      </symbol>
      <symbol id="sm-260">
         <name>UCB0IV</name>
         <value>0x5fe</value>
      </symbol>
      <symbol id="sm-261">
         <name>UCA1CTLW0</name>
         <value>0x600</value>
      </symbol>
      <symbol id="sm-262">
         <name>UCA1CTLW0_L</name>
         <value>0x600</value>
      </symbol>
      <symbol id="sm-263">
         <name>UCA1CTLW0_H</name>
         <value>0x601</value>
      </symbol>
      <symbol id="sm-264">
         <name>UCA1BRW</name>
         <value>0x606</value>
      </symbol>
      <symbol id="sm-265">
         <name>UCA1BRW_L</name>
         <value>0x606</value>
      </symbol>
      <symbol id="sm-266">
         <name>UCA1BRW_H</name>
         <value>0x607</value>
      </symbol>
      <symbol id="sm-267">
         <name>UCA1MCTL</name>
         <value>0x608</value>
      </symbol>
      <symbol id="sm-268">
         <name>UCA1STAT</name>
         <value>0x60a</value>
      </symbol>
      <symbol id="sm-269">
         <name>UCA1RXBUF</name>
         <value>0x60c</value>
      </symbol>
      <symbol id="sm-26a">
         <name>UCA1TXBUF</name>
         <value>0x60e</value>
      </symbol>
      <symbol id="sm-26b">
         <name>UCA1ABCTL</name>
         <value>0x610</value>
      </symbol>
      <symbol id="sm-26c">
         <name>UCA1IRCTL</name>
         <value>0x612</value>
      </symbol>
      <symbol id="sm-26d">
         <name>UCA1IRCTL_L</name>
         <value>0x612</value>
      </symbol>
      <symbol id="sm-26e">
         <name>UCA1IRCTL_H</name>
         <value>0x613</value>
      </symbol>
      <symbol id="sm-26f">
         <name>UCA1ICTL</name>
         <value>0x61c</value>
      </symbol>
      <symbol id="sm-270">
         <name>UCA1ICTL_L</name>
         <value>0x61c</value>
      </symbol>
      <symbol id="sm-271">
         <name>UCA1ICTL_H</name>
         <value>0x61d</value>
      </symbol>
      <symbol id="sm-272">
         <name>UCA1IV</name>
         <value>0x61e</value>
      </symbol>
      <symbol id="sm-273">
         <name>UCB1CTLW0</name>
         <value>0x620</value>
      </symbol>
      <symbol id="sm-274">
         <name>UCB1CTLW0_L</name>
         <value>0x620</value>
      </symbol>
      <symbol id="sm-275">
         <name>UCB1CTLW0_H</name>
         <value>0x621</value>
      </symbol>
      <symbol id="sm-276">
         <name>UCB1BRW</name>
         <value>0x626</value>
      </symbol>
      <symbol id="sm-277">
         <name>UCB1BRW_L</name>
         <value>0x626</value>
      </symbol>
      <symbol id="sm-278">
         <name>UCB1BRW_H</name>
         <value>0x627</value>
      </symbol>
      <symbol id="sm-279">
         <name>UCB1STAT</name>
         <value>0x62a</value>
      </symbol>
      <symbol id="sm-27a">
         <name>UCB1RXBUF</name>
         <value>0x62c</value>
      </symbol>
      <symbol id="sm-27b">
         <name>UCB1TXBUF</name>
         <value>0x62e</value>
      </symbol>
      <symbol id="sm-27c">
         <name>UCB1I2COA</name>
         <value>0x630</value>
      </symbol>
      <symbol id="sm-27d">
         <name>UCB1I2COA_L</name>
         <value>0x630</value>
      </symbol>
      <symbol id="sm-27e">
         <name>UCB1I2COA_H</name>
         <value>0x631</value>
      </symbol>
      <symbol id="sm-27f">
         <name>UCB1I2CSA</name>
         <value>0x632</value>
      </symbol>
      <symbol id="sm-280">
         <name>UCB1I2CSA_L</name>
         <value>0x632</value>
      </symbol>
      <symbol id="sm-281">
         <name>UCB1I2CSA_H</name>
         <value>0x633</value>
      </symbol>
      <symbol id="sm-282">
         <name>UCB1ICTL</name>
         <value>0x63c</value>
      </symbol>
      <symbol id="sm-283">
         <name>UCB1ICTL_L</name>
         <value>0x63c</value>
      </symbol>
      <symbol id="sm-284">
         <name>UCB1ICTL_H</name>
         <value>0x63d</value>
      </symbol>
      <symbol id="sm-285">
         <name>UCB1IV</name>
         <value>0x63e</value>
      </symbol>
      <symbol id="sm-286">
         <name>WDTCTL</name>
         <value>0x15c</value>
      </symbol>
      <symbol id="sm-287">
         <name>WDTCTL_L</name>
         <value>0x15c</value>
      </symbol>
      <symbol id="sm-288">
         <name>WDTCTL_H</name>
         <value>0x15d</value>
      </symbol>
      <symbol id="sm-289">
         <name>__TI_CINIT_Base</name>
         <value>0x455a</value>
      </symbol>
      <symbol id="sm-28a">
         <name>__TI_CINIT_Limit</name>
         <value>0x456a</value>
      </symbol>
      <symbol id="sm-28b">
         <name>__TI_Handler_Table_Base</name>
         <value>0x4548</value>
      </symbol>
      <symbol id="sm-28c">
         <name>__TI_Handler_Table_Limit</name>
         <value>0x4554</value>
      </symbol>
      <symbol id="sm-28d">
         <name>binit</name>
         <value>0xffffffff</value>
      </symbol>
      <symbol id="sm-28e">
         <name>__binit__</name>
         <value>0xffffffff</value>
      </symbol>
      <symbol id="sm-28f">
         <name>__STACK_SIZE</name>
         <value>0xa0</value>
      </symbol>
      <symbol id="sm-290">
         <name>__STACK_END</name>
         <value>0x3400</value>
      </symbol>
      <symbol id="sm-291">
         <name>__c_args__</name>
         <value>0xffffffff</value>
      </symbol>
      <symbol id="sm-2fa">
         <name>_stack</name>
         <value>0x3360</value>
         <object_component_ref idref="oc-cd"/>
      </symbol>
      <symbol id="sm-2fb">
         <name>_reset_vector</name>
         <value>0xfffe</value>
         <object_component_ref idref="oc-d0"/>
      </symbol>
      <symbol id="sm-306">
         <name>_c_int00_noargs_noexit</name>
         <value>0x4434</value>
         <object_component_ref idref="oc-a9"/>
      </symbol>
      <symbol id="sm-319">
         <name>__mspabi_remul</name>
         <value>0x1115e</value>
         <object_component_ref idref="oc-244"/>
      </symbol>
      <symbol id="sm-31a">
         <name>__mspabi_divul</name>
         <value>0x1115e</value>
         <object_component_ref idref="oc-244"/>
      </symbol>
      <symbol id="sm-325">
         <name>C$$EXIT</name>
         <value>0x1155e</value>
         <object_component_ref idref="oc-12c"/>
      </symbol>
      <symbol id="sm-326">
         <name>abort</name>
         <value>0x1155e</value>
         <object_component_ref idref="oc-12c"/>
      </symbol>
      <symbol id="sm-329">
         <name>__TI_int41</name>
         <value>0xffd2</value>
         <object_component_ref idref="oc-76"/>
      </symbol>
      <symbol id="sm-32c">
         <name>__TI_int42</name>
         <value>0xffd4</value>
         <object_component_ref idref="oc-77"/>
      </symbol>
      <symbol id="sm-32f">
         <name>__TI_int43</name>
         <value>0xffd6</value>
         <object_component_ref idref="oc-78"/>
      </symbol>
      <symbol id="sm-332">
         <name>__TI_int44</name>
         <value>0xffd8</value>
         <object_component_ref idref="oc-79"/>
      </symbol>
      <symbol id="sm-335">
         <name>__TI_int45</name>
         <value>0xffda</value>
         <object_component_ref idref="oc-7a"/>
      </symbol>
      <symbol id="sm-338">
         <name>__TI_int46</name>
         <value>0xffdc</value>
         <object_component_ref idref="oc-7b"/>
      </symbol>
      <symbol id="sm-33b">
         <name>__TI_int48</name>
         <value>0xffe0</value>
         <object_component_ref idref="oc-7d"/>
      </symbol>
      <symbol id="sm-33e">
         <name>__TI_int50</name>
         <value>0xffe4</value>
         <object_component_ref idref="oc-7f"/>
      </symbol>
      <symbol id="sm-341">
         <name>__TI_int51</name>
         <value>0xffe6</value>
         <object_component_ref idref="oc-80"/>
      </symbol>
      <symbol id="sm-344">
         <name>__TI_int52</name>
         <value>0xffe8</value>
         <object_component_ref idref="oc-81"/>
      </symbol>
      <symbol id="sm-347">
         <name>__TI_int55</name>
         <value>0xffee</value>
         <object_component_ref idref="oc-83"/>
      </symbol>
      <symbol id="sm-34a">
         <name>__TI_int56</name>
         <value>0xfff0</value>
         <object_component_ref idref="oc-84"/>
      </symbol>
      <symbol id="sm-34d">
         <name>__TI_int57</name>
         <value>0xfff2</value>
         <object_component_ref idref="oc-85"/>
      </symbol>
      <symbol id="sm-350">
         <name>__TI_int58</name>
         <value>0xfff4</value>
         <object_component_ref idref="oc-86"/>
      </symbol>
      <symbol id="sm-353">
         <name>__TI_int59</name>
         <value>0xfff6</value>
         <object_component_ref idref="oc-87"/>
      </symbol>
      <symbol id="sm-356">
         <name>__TI_int60</name>
         <value>0xfff8</value>
         <object_component_ref idref="oc-88"/>
      </symbol>
      <symbol id="sm-359">
         <name>__TI_int62</name>
         <value>0xfffc</value>
         <object_component_ref idref="oc-8a"/>
      </symbol>
      <symbol id="sm-361">
         <name>__TI_ISR_TRAP</name>
         <value>0x447a</value>
         <object_component_ref idref="oc-e6"/>
      </symbol>
      <symbol id="sm-36a">
         <name>__mspabi_slll_9</name>
         <value>0x11372</value>
         <object_component_ref idref="oc-224"/>
      </symbol>
      <symbol id="sm-36b">
         <name>__mspabi_slll_8</name>
         <value>0x11376</value>
         <object_component_ref idref="oc-224"/>
      </symbol>
      <symbol id="sm-36c">
         <name>__mspabi_slll_7</name>
         <value>0x1137a</value>
         <object_component_ref idref="oc-224"/>
      </symbol>
      <symbol id="sm-36d">
         <name>__mspabi_slll_6</name>
         <value>0x1137e</value>
         <object_component_ref idref="oc-224"/>
      </symbol>
      <symbol id="sm-36e">
         <name>__mspabi_slll_5</name>
         <value>0x11382</value>
         <object_component_ref idref="oc-224"/>
      </symbol>
      <symbol id="sm-36f">
         <name>__mspabi_slll_4</name>
         <value>0x11386</value>
         <object_component_ref idref="oc-224"/>
      </symbol>
      <symbol id="sm-370">
         <name>__mspabi_slll_3</name>
         <value>0x1138a</value>
         <object_component_ref idref="oc-224"/>
      </symbol>
      <symbol id="sm-371">
         <name>__mspabi_slll_2</name>
         <value>0x1138e</value>
         <object_component_ref idref="oc-224"/>
      </symbol>
      <symbol id="sm-372">
         <name>__mspabi_slll_1</name>
         <value>0x11392</value>
         <object_component_ref idref="oc-224"/>
      </symbol>
      <symbol id="sm-373">
         <name>__mspabi_slll_15</name>
         <value>0x1135a</value>
         <object_component_ref idref="oc-224"/>
      </symbol>
      <symbol id="sm-374">
         <name>__mspabi_slll_14</name>
         <value>0x1135e</value>
         <object_component_ref idref="oc-224"/>
      </symbol>
      <symbol id="sm-375">
         <name>__mspabi_slll_13</name>
         <value>0x11362</value>
         <object_component_ref idref="oc-224"/>
      </symbol>
      <symbol id="sm-376">
         <name>__mspabi_slll_12</name>
         <value>0x11366</value>
         <object_component_ref idref="oc-224"/>
      </symbol>
      <symbol id="sm-377">
         <name>__mspabi_slll_11</name>
         <value>0x1136a</value>
         <object_component_ref idref="oc-224"/>
      </symbol>
      <symbol id="sm-378">
         <name>__mspabi_slll_10</name>
         <value>0x1136e</value>
         <object_component_ref idref="oc-224"/>
      </symbol>
      <symbol id="sm-380">
         <name>__mspabi_srll_8</name>
         <value>0x113b4</value>
         <object_component_ref idref="oc-249"/>
      </symbol>
      <symbol id="sm-381">
         <name>__mspabi_srll_9</name>
         <value>0x113b0</value>
         <object_component_ref idref="oc-249"/>
      </symbol>
      <symbol id="sm-382">
         <name>__mspabi_srll_6</name>
         <value>0x113bc</value>
         <object_component_ref idref="oc-249"/>
      </symbol>
      <symbol id="sm-383">
         <name>__mspabi_srll_7</name>
         <value>0x113b8</value>
         <object_component_ref idref="oc-249"/>
      </symbol>
      <symbol id="sm-384">
         <name>__mspabi_srll_4</name>
         <value>0x113c4</value>
         <object_component_ref idref="oc-249"/>
      </symbol>
      <symbol id="sm-385">
         <name>__mspabi_srll_5</name>
         <value>0x113c0</value>
         <object_component_ref idref="oc-249"/>
      </symbol>
      <symbol id="sm-386">
         <name>__mspabi_srll_2</name>
         <value>0x113cc</value>
         <object_component_ref idref="oc-249"/>
      </symbol>
      <symbol id="sm-387">
         <name>__mspabi_srll_3</name>
         <value>0x113c8</value>
         <object_component_ref idref="oc-249"/>
      </symbol>
      <symbol id="sm-388">
         <name>__mspabi_srll_1</name>
         <value>0x113d0</value>
         <object_component_ref idref="oc-249"/>
      </symbol>
      <symbol id="sm-389">
         <name>__mspabi_srll_15</name>
         <value>0x11398</value>
         <object_component_ref idref="oc-249"/>
      </symbol>
      <symbol id="sm-38a">
         <name>__mspabi_srll_14</name>
         <value>0x1139c</value>
         <object_component_ref idref="oc-249"/>
      </symbol>
      <symbol id="sm-38b">
         <name>__mspabi_srll_13</name>
         <value>0x113a0</value>
         <object_component_ref idref="oc-249"/>
      </symbol>
      <symbol id="sm-38c">
         <name>__mspabi_srll_12</name>
         <value>0x113a4</value>
         <object_component_ref idref="oc-249"/>
      </symbol>
      <symbol id="sm-38d">
         <name>__mspabi_srll_11</name>
         <value>0x113a8</value>
         <object_component_ref idref="oc-249"/>
      </symbol>
      <symbol id="sm-38e">
         <name>__mspabi_srll_10</name>
         <value>0x113ac</value>
         <object_component_ref idref="oc-249"/>
      </symbol>
      <symbol id="sm-3be">
         <name>__mspabi_mpyl_f5hw</name>
         <value>0x11480</value>
         <object_component_ref idref="oc-23f"/>
      </symbol>
      <symbol id="sm-645">
         <name>bDelayDone</name>
         <value>0x2649</value>
      </symbol>
      <symbol id="sm-646">
         <name>fatFs</name>
         <value>0x2400</value>
      </symbol>
      <symbol id="sm-647">
         <name>firmwareFile</name>
         <value>0x2626</value>
      </symbol>
      <symbol id="sm-648">
         <name>__TI_decompress_rle24</name>
         <value>0x11558</value>
         <object_component_ref idref="oc-70"/>
      </symbol>
      <symbol id="sm-649">
         <name>memcpy</name>
         <value>0x1153c</value>
         <object_component_ref idref="oc-d1"/>
      </symbol>
      <symbol id="sm-64a">
         <name>GPIO_clearInterrupt</name>
         <value>0x11506</value>
         <object_component_ref idref="oc-174"/>
      </symbol>
      <symbol id="sm-64b">
         <name>GPIO_setOutputHighOnPin</name>
         <value>0x114a2</value>
         <object_component_ref idref="oc-1a8"/>
      </symbol>
      <symbol id="sm-64c">
         <name>TIMER1_A0_ISR</name>
         <value>0x4466</value>
         <object_component_ref idref="oc-f1"/>
      </symbol>
      <symbol id="sm-64d">
         <name>Timer_A_initUpMode</name>
         <value>0x10fbc</value>
         <object_component_ref idref="oc-1a2"/>
      </symbol>
      <symbol id="sm-64e">
         <name>__TI_int61</name>
         <value>0xfffa</value>
         <object_component_ref idref="oc-89"/>
      </symbol>
      <symbol id="sm-64f">
         <name>GPIO_setAsInputPinWithPullDownResistor</name>
         <value>0x11298</value>
         <object_component_ref idref="oc-1f7"/>
      </symbol>
      <symbol id="sm-650">
         <name>GPIO_setAsInputPinWithPullUpResistor</name>
         <value>0x112da</value>
         <object_component_ref idref="oc-1f1"/>
      </symbol>
      <symbol id="sm-651">
         <name>USBHAL_initPorts</name>
         <value>0x10b6e</value>
         <object_component_ref idref="oc-199"/>
      </symbol>
      <symbol id="sm-652">
         <name>__TI_int49</name>
         <value>0xffe2</value>
         <object_component_ref idref="oc-7e"/>
      </symbol>
      <symbol id="sm-653">
         <name>__TI_int47</name>
         <value>0xffde</value>
         <object_component_ref idref="oc-7c"/>
      </symbol>
      <symbol id="sm-654">
         <name>INS</name>
         <value>0x2658</value>
         <object_component_ref idref="oc-230"/>
      </symbol>
      <symbol id="sm-655">
         <name>__TI_int53</name>
         <value>0xffea</value>
         <object_component_ref idref="oc-82"/>
      </symbol>
      <symbol id="sm-656">
         <name>SDCard_init</name>
         <value>0x11208</value>
         <object_component_ref idref="oc-1b4"/>
      </symbol>
      <symbol id="sm-657">
         <name>PORT1_ISR</name>
         <value>0x444e</value>
         <object_component_ref idref="oc-eb"/>
      </symbol>
      <symbol id="sm-658">
         <name>UNMI_ISR</name>
         <value>0x4400</value>
         <object_component_ref idref="oc-fd"/>
      </symbol>
      <symbol id="sm-659">
         <name>__TI_zero_init</name>
         <value>0x1145c</value>
         <object_component_ref idref="oc-8b"/>
      </symbol>
      <symbol id="sm-65a">
         <name>GPIO_enableInterrupt</name>
         <value>0x11518</value>
         <object_component_ref idref="oc-17a"/>
      </symbol>
      <symbol id="sm-65b">
         <name>disk_read</name>
         <value>0x10df4</value>
         <object_component_ref idref="oc-286"/>
      </symbol>
      <symbol id="sm-65c">
         <name>clust2sect</name>
         <value>0x1131c</value>
         <object_component_ref idref="oc-255"/>
      </symbol>
      <symbol id="sm-65d">
         <name>main</name>
         <value>0x10c4e</value>
         <object_component_ref idref="oc-124"/>
      </symbol>
      <symbol id="sm-65e">
         <name>GPIO_setAsOutputPin</name>
         <value>0x11434</value>
         <object_component_ref idref="oc-1ae"/>
      </symbol>
      <symbol id="sm-65f">
         <name>GPIO_setOutputLowOnPin</name>
         <value>0x114be</value>
         <object_component_ref idref="oc-1eb"/>
      </symbol>
      <symbol id="sm-660">
         <name>f_open</name>
         <value>0x1058c</value>
         <object_component_ref idref="oc-1c3"/>
      </symbol>
      <symbol id="sm-661">
         <name>disk_initialize</name>
         <value>0x10410</value>
         <object_component_ref idref="oc-233"/>
      </symbol>
      <symbol id="sm-662">
         <name>Timer_A_params</name>
         <value>0x264a</value>
         <object_component_ref idref="oc-19f"/>
      </symbol>
      <symbol id="sm-663">
         <name>get_fat</name>
         <value>0x106ea</value>
         <object_component_ref idref="oc-261"/>
      </symbol>
      <symbol id="sm-664">
         <name>__TI_decompress_none</name>
         <value>0x1152a</value>
         <object_component_ref idref="oc-6a"/>
      </symbol>
      <symbol id="sm-665">
         <name>_system_pre_init</name>
         <value>0x1154e</value>
         <object_component_ref idref="oc-104"/>
      </symbol>
      <symbol id="sm-666">
         <name>TIMER0_A0_ISR</name>
         <value>0x4472</value>
         <object_component_ref idref="oc-f7"/>
      </symbol>
      <symbol id="sm-678">
         <name>_auto_init_hold_wdt</name>
         <value>0x11032</value>
         <object_component_ref idref="oc-10a"/>
      </symbol>
      <symbol id="sm-67a">
         <name>__TI_INITARRAY_Base</name>
         <value>0x0</value>
      </symbol>
      <symbol id="sm-67b">
         <name>__TI_INITARRAY_Limit</name>
         <value>0x0</value>
      </symbol>
   </symbol_table>
   <title>Link successful</title>
</link_info>
